[g1.globo.com/mundo/noticia/2022/09/19/elizabeth-2a-imagem-inedita-da-rainha-e-divulgada-na-vespera-do-funeral.html]
[cdn.ampproject.org/v0.js]
[securepubads.g.doubleclick.net/tag/js/gpt.js]
[tags.globo.com/utag/globo/g1/prod/utag.html]
[s2.glbimg.com/t2_E-_cSErv4fsbUVhwwEN0YMX0=/32x32/smart/filters_strip_icc()/i.s3.glbimg.com/v1/AUTH_59edd422c0c84a879bd37670ae4f538a/internal_photos/bs/2021/H/w/YbA657S3aYVfC0P9wboQ/g1-favicon.png]
[s2.glbimg.com/7_CSJ0a2BppGqptPkB7fE1Hacok=/128x128/smart/filters_strip_icc()/i.s3.glbimg.com/v1/AUTH_59edd422c0c84a879bd37670ae4f538a/internal_photos/bs/2021/H/w/YbA657S3aYVfC0P9wboQ/g1-favicon.png]
[s2.glbimg.com/szHLoTRvs6YWm9NNieGM7KU2eEE=/152x152/smart/filters_strip_icc()/i.s3.glbimg.com/v1/AUTH_59edd422c0c84a879bd37670ae4f538a/internal_photos/bs/2021/H/w/YbA657S3aYVfC0P9wboQ/g1-favicon.png]
[s2.glbimg.com/SU2Z6rs9rolyarVbXBSjaN6J0Jw=/167x167/smart/filters_strip_icc()/i.s3.glbimg.com/v1/AUTH_59edd422c0c84a879bd37670ae4f538a/internal_photos/bs/2021/H/w/YbA657S3aYVfC0P9wboQ/g1-favicon.png]
[s2.glbimg.com/S1o7u7ulLX54NM6X_pRUSid8yXg=/180x180/smart/filters_strip_icc()/i.s3.glbimg.com/v1/AUTH_59edd422c0c84a879bd37670ae4f538a/internal_photos/bs/2021/H/w/YbA657S3aYVfC0P9wboQ/g1-favicon.png]
[s2.glbimg.com/ANFXvAeR8V-2tbOMMP9tc2qFqJA=/192x192/smart/filters_strip_icc()/i.s3.glbimg.com/v1/AUTH_59edd422c0c84a879bd37670ae4f538a/internal_photos/bs/2021/H/w/YbA657S3aYVfC0P9wboQ/g1-favicon.png]
[s2.glbimg.com/LsuKXSXhHyq6vHO3DX_fXzijkCg=/196x196/smart/filters_strip_icc()/i.s3.glbimg.com/v1/AUTH_59edd422c0c84a879bd37670ae4f538a/internal_photos/bs/2021/H/w/YbA657S3aYVfC0P9wboQ/g1-favicon.png]
[s2.glbimg.com/GpmOCEG_6A1NUKWKtbzFpijsyR0=/57x57/smart/filters_strip_icc()/i.s3.glbimg.com/v1/AUTH_59edd422c0c84a879bd37670ae4f538a/internal_photos/bs/2021/H/w/YbA657S3aYVfC0P9wboQ/g1-favicon.png]
[s2.glbimg.com/ntE_GO6uMpnPlZ2uD5ueQavJQNE=/72x72/smart/filters_strip_icc()/i.s3.glbimg.com/v1/AUTH_59edd422c0c84a879bd37670ae4f538a/internal_photos/bs/2021/H/w/YbA657S3aYVfC0P9wboQ/g1-favicon.png]
[s2.glbimg.com/aFlLEuzGSYw2KtjvARZnCsFtgnk=/114x114/smart/filters_strip_icc()/i.s3.glbimg.com/v1/AUTH_59edd422c0c84a879bd37670ae4f538a/internal_photos/bs/2021/H/w/YbA657S3aYVfC0P9wboQ/g1-favicon.png]
[backblue.gif]
[fade.gif]
[index.html]
[g1.globo.com/mundo/noticia/2022/09/19/g1.globo.com/busca]
[cdn.ampproject.org/v0/amp-social-share-0.1.js]
[cdn.ampproject.org/v0/amp-timeago-0.1.js]
[cdn.ampproject.org/v0/amp-fit-text-0.1.js]
[cdn.ampproject.org/v0/amp-bind-0.1.js]
[cdn.ampproject.org/v0/amp-lightbox-gallery-0.1.js]
[cdn.ampproject.org/v0/amp-carousel-0.1.js]
[cdn.ampproject.org/v0/amp-video-0.1.js]
[s3.glbimg.com/v1/AUTH_f7d75b8ab8c8447292333ff06480419a/nav-cdn/client/1.1.1/fn-cdn-client.min.js]
[s2.glbimg.com/XX1zfv_-_Cl1w4Sb6H86vPKJXps=/48x48/smart/filters_strip_icc()/s2.glbimg.com/hmaHHrcngArLTTw6SlfsHUxYdZE=/200x0/filters_quality(70)/i.s3.glbimg.com/v1/AUTH_59edd422c0c84a879bd37/bbc-news-tile-hr-rgb.17]
[s.glbimg.com/jo/g1/static/live/g1_amp/img/g1_logo_json_ld.png]
[g1.globo.com/mundo/noticia/2022/09/19/elizabeth-2a-imagem-inedita-da-rainha-e-divulgada-na-vespera-do-funeral93b4.html]
[g1.globo.com/mundo/noticia/2022/09/19/elizabeth-2a-imagem-inedita-da-rainha-e-divulgada-na-vespera-do-funeral8c3b.html]
[s2.glbimg.com/otzXkcFg0R7jf3ULE_nYrAPd9yI=/0x0_1200x628/984x0/smart/filters_strip_icc()/i.s3.glbimg.com/v1/AUTH_59edd422c0c84a879bd37670ae4f538a/internal_photos/bs/2022/O/B/1yisAYR02MRAOpF6A/a-fotografia-da-rainha-]
[g1.globo.com/mundo/noticia/2022/09/19/fotos-funeral-da-rainha-elizabeth-ii.html]
[g1.globo.com/mundo/noticia/2022/09/19/funeral-da-rainha-elizabeth-ii.html]
[aswpsdkus.com/notify/v1/ua-sdk.min.js]
[g1.globo.com/mundo/noticia/2022/09/19/elizabeth-ii-onde-sera-enterrada-a-rainha-e-quais-outros-monarcas-estao-enterrados-no-local.html]
[g1.globo.com/mundo/noticia/2022/09/19/cachorros-e-ponei-de-elizabeth-ii-participam-de-cerimonia-funebre-da-rainha.html]
[g1.globo.com/mundo/noticia/2022/09/19/19-de-setembro-a-surpreendente-coincidencia-de-datas-de-grandes-terremotos-no-mexico.html]
[g1.globo.com/mundo/noticia/2022/09/19/bolsonaro-funeral-da-rainha-elizabeth-ii.html]
[s3.glbimg.com/v1/AUTH_f7772c2cb2fd4af2bb8929c0ae6fdba7/dsframework/build/latest/client/bastian-202207624574b46008bd95a9136f9bcc685f26.js]
[s3.glbimg.com/v1/AUTH_c631e406debd4c4fac98a09d48dc17d1/bastian-post/prod/g1/6d9569ca-e6c1-4a81-bd07-4a7094a9c7dd/7e9b1082-693b-4d84-aec4-c80ec3ca1364.js]
[s3.glbimg.com/v1/AUTH_c631e406debd4c4fac98a09d48dc17d1/bastian-post/prod/g1/6d9569ca-e6c1-4a81-bd07-4a7094a9c7dd/7e9b1082-693b-4d84-aec4-c80ec3ca1364.css]
[p.glbimg.com/api/stable/api.min.js]
[news.files.bbci.co.uk/ws/partner-analytics/js/pageTracker.min.js]
[s.glbimg.com/gl/ba/css/barra-globocom.min.css]
[s.glbimg.com/gl/ba/js/barra-globocom.min.js]
[s3.glbimg.com/v1/AUTH_89c6d9f49eec4e768bc6ccddcb31a34b/lgpd-lib/lgpd-lib.min.css]
[s3.glbimg.com/v1/AUTH_89c6d9f49eec4e768bc6ccddcb31a34b/lgpd-lib/lgpd-lib.min.js]
[s3.glbimg.com/cdn/libs/jquery/1.8.3/jquery.min.js]
[g1.globo.com/mundo/noticia/2022/09/19/;path=/index.html]
[s3.glbimg.com/v1/AUTH_da787d4f4e8d46e3ad76d5fa568fe786/globo-ab/3.0/globo-ab.min.js]
[g1.globo.com/mundo/noticia/2022/09/19/elizabeth-2a-imagem-inedita-da-rainha-e-divulgada-na-vespera-do-funeral.html]
[s3.glbimg.com/cdn/libs/publicidade/1.2.2/publicidade.css]
[tags.globo.com/utag/globo/g1/prod/utag.html]
[g1.globo.com/mundo/noticia/2022/09/19/g1.globo.com/busca.html]
[s3.glbimg.com/cdn/libs/tapume/0.1.0/tapume.css]
[s3.glbimg.com/v1/AUTH_b002e0039b9f46a5a4a94ff667d31e2d/assets/dist/d5282349962e848e3f13e282c95880d7.js]
[g1.globo.com/mundo/noticia/2022/09/19/elizabeth-2a-imagem-inedita-da-rainha-e-divulgada-na-vespera-do-funeral93b4.html]
[g1.globo.com/mundo/noticia/2022/09/19/elizabeth-2a-imagem-inedita-da-rainha-e-divulgada-na-vespera-do-funeral8c3b.html]
[s01.video.glbimg.com/x720/10947852_x720.jpg]
[s02.video.glbimg.com/x240/10947177_x240.jpg]
[s2.glbimg.com/JqhuoR3T7zoNkSnhuI0B9v2gRy4=/0x0_5500x3661/984x0/smart/filters_strip_icc()/i.s3.glbimg.com/v1/AUTH_59edd422c0c84a879bd37670ae4f538a/internal_photos/bs/2022/N/g/5PkZO3Tz2W3EZ0V/2022-09-19t115733z-7425]
[g1.globo.com/mundo/noticia/2022/09/19/capela-de-sao-jorge-a-ultima-morada-da-rainha-elizabeth-ii.html]
[s2.glbimg.com/WEDY5_iHD1004S6iLsIJPJMHjls=/0x0_5568x3712/984x0/smart/filters_strip_icc()/i.s3.glbimg.com/v1/AUTH_59edd422c0c84a879bd37670ae4f538a/internal_photos/bs/2022/B/G/AwDaBmStmUBB5at/george-abadia.38.delaye]
[s2.glbimg.com/4S23-onQ7ivqiJrUn6XANM3pfAc=/0x0_3744x2496/984x0/smart/filters_strip_icc()/i.s3.glbimg.com/v1/AUTH_59edd422c0c84a879bd37670ae4f538a/internal_photos/bs/2022/k/M/BgungAS1Wor3yzf/2022-09-19t112622z-5688]
[s2.glbimg.com/q06-CtwOUJbvRYiLRtJFqEo-g2g=/0x0_4409x2790/984x0/smart/filters_strip_icc()/i.s3.glbimg.com/v1/AUTH_59edd422c0c84a879bd37670ae4f538a/internal_photos/bs/2022/B/d/apA2BFQs6JdR7B3/2022-09-19t115429z-1695]
[s03.video.glbimg.com/x240/10947190_x240.jpg]
[s2.glbimg.com/Yr88hJQCXeTyo8XtWetOuIv3uUU=/0x0_3500x2335/984x0/smart/filters_strip_icc()/i.s3.glbimg.com/v1/AUTH_59edd422c0c84a879bd37670ae4f538a/internal_photos/bs/2022/N/v/sYMNrzRLWqOVBAr/ap22262536810479-1-.3c]
[g1.globo.com/mundo/noticia/2022/09/19/funeral-rainha-elizabeth-ii-biden-lideres.html]
[s2.glbimg.com/aPONdQrh9Pv1UASXi57uz4RZKb8=/0x0_1200x4990/984x0/smart/filters_strip_icc()/i.s3.glbimg.com/v1/AUTH_59edd422c0c84a879bd37670ae4f538a/internal_photos/bs/2022/2/v/Gx41hzQEaGGbu4e/1409-funeral-rainhavv.3]
[s2.glbimg.com/9Y_WTDe9Z2LLX5vEBhG8dAwQm7g=/0x0_4006x2670/984x0/smart/filters_strip_icc()/i.s3.glbimg.com/v1/AUTH_59edd422c0c84a879bd37670ae4f538a/internal_photos/bs/2022/G/5/eR95T8TaC0qsXrh/2022-09-19t151945z-1724]
[s3.glbimg.com/v1/AUTH_ba8e460c944543468c3c80cb9675751f/web-components/bs-player.bundle.min.json]
[s3.glbimg.com/cdn/libs/clappr-plugins/login-screen/1.2.1/player-plugin-login-screen.min.js]
[s3.glbimg.com/cdn/libs/clappr-plugins/video-recommendation/v2.2.0/video-recommendation-plugin.js]
[s3.glbimg.com/v1/AUTH_05f06ca986b54d6e9c5df94927ccf7fc/libs/clappr-plugins/viewport-play/v1.1.3/viewport-play-plugin.js]
[cdn.ampproject.org/v0/amp-story-player-0.1.js]
[g1.globo.com/mundo/noticia/2022/09/19/funeral-da-rainha-elizabeth-ii.html]
[s2.glbimg.com/3dKcwdZQK0xaHr7dv2UPHdSE9Os=/0x0_4000x2667/1008x0/smart/filters_strip_icc()/i.s3.glbimg.com/v1/AUTH_59edd422c0c84a879bd37670ae4f538a/internal_photos/bs/2022/t/a/j8ii52THWcvonn/ap22262558886148.47.del]
[s2.glbimg.com/OGODv6prysJE6QRHSlb5eJ6WhFk=/0x0_3225x1982/1008x0/smart/filters_strip_icc()/i.s3.glbimg.com/v1/AUTH_59edd422c0c84a879bd37670ae4f538a/internal_photos/bs/2022/N/n/AT3MLhTDAKSX8F/2022-09-19t152657z-1827]
[s2.glbimg.com/x44EgAOS7WB33C0SCMga_rAK03Q=/0x0_4426x2990/1008x0/smart/filters_strip_icc()/i.s3.glbimg.com/v1/AUTH_59edd422c0c84a879bd37670ae4f538a/internal_photos/bs/2022/6/f/mXpz6OQbaaiAt4/2022-09-19t152523z-1670]
[s3.glbimg.com/v1/AUTH_b002e0039b9f46a5a4a94ff667d31e2d/assets/dist/0bee159f6ccb812d64a7951b90703ee4.js]
[s2.glbimg.com/q1LY0hryLjkfqyaaOZMwz_RGFo4=/0x0_3500x2442/1008x0/smart/filters_strip_icc()/i.s3.glbimg.com/v1/AUTH_59edd422c0c84a879bd37670ae4f538a/internal_photos/bs/2022/6/z/AzRi10QXuIaBvl/ap22262602201193.4a.del]
[s2.glbimg.com/3GQig1nryRehPuyuNe4l3lI1xLI=/0x0_1450x928/1008x0/smart/filters_strip_icc()/i.s3.glbimg.com/v1/AUTH_59edd422c0c84a879bd37670ae4f538a/internal_photos/bs/2022/7/3/rhiCHCRWOPMxY4SlluYA/raia.jpg]
[s2.glbimg.com/veuMAueZGHqlCa8uDvtxrJM8mjU=/0x0_2000x1334/1008x0/smart/filters_strip_icc()/i.s3.glbimg.com/v1/AUTH_59edd422c0c84a879bd37670ae4f538a/internal_photos/bs/2022/a/F/zY7M5rRA2K5AHI/funeral-rainha-ap222625]
[s2.glbimg.com/vPFqYiJPxCjE6z9TySUKQeUfda0=/0x0_3500x2333/1008x0/smart/filters_strip_icc()/i.s3.glbimg.com/v1/AUTH_59edd422c0c84a879bd37670ae4f538a/internal_photos/bs/2022/z/Q/lQ7nVmRTWnlqF4/ap22262571365970.4c.del]
[g1.globo.com/mundo/noticia/2022/09/19/fotos-funeral-da-rainha-elizabeth-ii.html]
[s2.glbimg.com/ZoyBlJ9mJ7SRCCd5Bn9MgO2wi6A=/0x0_2700x1707/1008x0/smart/filters_strip_icc()/i.s3.glbimg.com/v1/AUTH_59edd422c0c84a879bd37670ae4f538a/internal_photos/bs/2022/K/t/d69mPXTYqSjx5o/ap22262515809389.4d.del]
[s2.glbimg.com/M9vtCM1WBakaRsbUWl08Tg4lLAc=/0x0_5472x3648/1008x0/smart/filters_strip_icc()/i.s3.glbimg.com/v1/AUTH_59edd422c0c84a879bd37670ae4f538a/internal_photos/bs/2022/z/g/Cq1A3cSwGtfbYG/ap22262363220454.4f.del]
[s2.glbimg.com/qpo789XpyaaTtFmQq_paUgL61nM=/0x0_5844x3895/1008x0/smart/filters_strip_icc()/i.s3.glbimg.com/v1/AUTH_59edd422c0c84a879bd37670ae4f538a/internal_photos/bs/2022/M/z/tNlGuhSbKuaAdy/2022-09-19t140951z-4186]
[s2.glbimg.com/_0PsQ_w3ozTh02g6uozZndX_u4s=/0x0_5824x3883/1008x0/smart/filters_strip_icc()/i.s3.glbimg.com/v1/AUTH_59edd422c0c84a879bd37670ae4f538a/internal_photos/bs/2022/h/z/wzjPNERFAFxXpR/2022-09-19t141250z-1717]
[s01.video.glbimg.com/x240/10948380_x240.jpg]
[s2.glbimg.com/x0-wGMqfIIk_aFqWuRNDlGD7LJY=/0x0_6000x4000/1008x0/smart/filters_strip_icc()/i.s3.glbimg.com/v1/AUTH_59edd422c0c84a879bd37670ae4f538a/internal_photos/bs/2022/L/Z/pmW6TxR6aQBLeF/2022-09-19t152535z-2733]
[s2.glbimg.com/BtUcgncvsx1FujWvy-DpmmtCKoQ=/0x0_3000x1983/1008x0/smart/filters_strip_icc()/i.s3.glbimg.com/v1/AUTH_59edd422c0c84a879bd37670ae4f538a/internal_photos/bs/2022/3/6/wWg5vJQDuSYhJ5/funeral-rainha.52.delay]
[s2.glbimg.com/7bJHIrltVokAq-hxhS08_T26M1c=/0x0_3500x2335/1008x0/smart/filters_strip_icc()/i.s3.glbimg.com/v1/AUTH_59edd422c0c84a879bd37670ae4f538a/internal_photos/bs/2022/r/K/FNXrmxTJiATkHJ/ap22262554714118.53.del]
[s2.glbimg.com/pkYi4pvyMx0A_C2d_YpjvwCIDhs=/0x0_5000x3333/1008x0/smart/filters_strip_icc()/i.s3.glbimg.com/v1/AUTH_59edd422c0c84a879bd37670ae4f538a/internal_photos/bs/2022/j/m/ImWWTdR3G3hgqK/2022-09-19t131224z-7157]
[s2.glbimg.com/xTN5IO_5x8WWdZcs7VUe_krAK2E=/0x0_5472x3648/1008x0/smart/filters_strip_icc()/i.s3.glbimg.com/v1/AUTH_59edd422c0c84a879bd37670ae4f538a/internal_photos/bs/2022/Z/L/zHs34KSQWWsOVh/2022-09-19t122216z-1267]
[g1.globo.com/mundo/noticia/2022/09/19/cachorros-e-ponei-de-elizabeth-ii-participam-de-cerimonia-funebre-da-rainha.html]
[s2.glbimg.com/x7vv11YE7dZ3co5riwvYwfsQF_o=/0x0_4851x3373/1008x0/smart/filters_strip_icc()/i.s3.glbimg.com/v1/AUTH_59edd422c0c84a879bd37670ae4f538a/internal_photos/bs/2022/D/j/Itec0JSZOg8YcD/2022-09-19t101750z-3643]
[s2.glbimg.com/f_BY6_5K-TzdvduteLpol0cMLZ4=/0x0_5616x3744/1008x0/smart/filters_strip_icc()/i.s3.glbimg.com/v1/AUTH_59edd422c0c84a879bd37670ae4f538a/internal_photos/bs/2022/F/z/umkA5hQQeVVd9B/2022-09-19t105746z-5085]
[s2.glbimg.com/V93mpUc-ZprTJPDmbi5zdvwfe_Q=/0x0_5500x3661/1008x0/smart/filters_strip_icc()/i.s3.glbimg.com/v1/AUTH_59edd422c0c84a879bd37670ae4f538a/internal_photos/bs/2022/N/g/5PkZO3Tz2W3EZ0/2022-09-19t115733z-7425]
[s3.glbimg.com/v1/AUTH_b002e0039b9f46a5a4a94ff667d31e2d/assets/dist/52dac0013c16313b07780c798a118242.js]
[s2.glbimg.com/wRo1ivr18HixwUs_veX6u2L0l3A=/0x0_2000x1333/1008x0/smart/filters_strip_icc()/i.s3.glbimg.com/v1/AUTH_59edd422c0c84a879bd37670ae4f538a/internal_photos/bs/2022/0/q/bM5SSiQlatxf2a/funeral-rainha-ap222624]
[s2.glbimg.com/Ha1ge5G6hVR9yCP9zCmfxGH4Ik0=/0x0_2000x1333/1008x0/smart/filters_strip_icc()/i.s3.glbimg.com/v1/AUTH_59edd422c0c84a879bd37670ae4f538a/internal_photos/bs/2022/T/a/SEFAKeSRKfuAHC/funeral-rainha-ap222624]
[g1.globo.com/mundo/noticia/2022/09/19/elizabeth-ii-onde-sera-enterrada-a-rainha-e-quais-outros-monarcas-estao-enterrados-no-local93b4.html]
[s2.glbimg.com/Ff1JZ4FPzIR-zY4FoHWnHCHOfg8=/0x0_4030x2686/1008x0/smart/filters_strip_icc()/i.s3.glbimg.com/v1/AUTH_59edd422c0c84a879bd37670ae4f538a/internal_photos/bs/2022/c/y/cfOwMsTl2VqgOV/2022-09-19t142727z-4332]
[g1.globo.com/mundo/noticia/2022/09/19/elizabeth-ii-onde-sera-enterrada-a-rainha-e-quais-outros-monarcas-estao-enterrados-no-local8c3b.html]
[s04.video.glbimg.com/x240/10947123_x240.jpg]
[s2.glbimg.com/Em8Te8JlAaOU26MpXQpNKKn0uFo=/0x0_5568x3712/1008x0/smart/filters_strip_icc()/i.s3.glbimg.com/v1/AUTH_59edd422c0c84a879bd37670ae4f538a/internal_photos/bs/2022/B/G/AwDaBmStmUBB5a/george-abadia.5d.delaye]
[s2.glbimg.com/hYkG1N0-puBUgvG8QgaKbC-Vf7E=/0x0_3744x2496/1008x0/smart/filters_strip_icc()/i.s3.glbimg.com/v1/AUTH_59edd422c0c84a879bd37670ae4f538a/internal_photos/bs/2022/k/M/BgungAS1Wor3yz/2022-09-19t112622z-5688]
[s2.glbimg.com/Lvr-7h998eZkQEylEQqHRTvOCJI=/0x0_1843x1227/1008x0/smart/filters_strip_icc()/i.s3.glbimg.com/v1/AUTH_59edd422c0c84a879bd37670ae4f538a/internal_photos/bs/2022/M/D/SR2RQrRR28ukZb/ap22262472187310.5f.del]
[s2.glbimg.com/4KeuuSFNJpM0AlcEgfkYo7yEiqY=/0x0_4980x3293/1008x0/smart/filters_strip_icc()/i.s3.glbimg.com/v1/AUTH_59edd422c0c84a879bd37670ae4f538a/internal_photos/bs/2022/N/f/SBa8uqThWy7cW2/2022-09-19t143929z-3123]
[s2.glbimg.com/rsuTJR7hF2HcVkXQqzKso6shHjo=/0x0_5500x3668/1008x0/smart/filters_strip_icc()/i.s3.glbimg.com/v1/AUTH_59edd422c0c84a879bd37670ae4f538a/internal_photos/bs/2022/a/4/gzk9xURiWBAiG6/2022-09-19t115022z-2142]
[g1.globo.com/mundo/noticia/2022/09/19/elizabeth-ii-onde-sera-enterrada-a-rainha-e-quais-outros-monarcas-estao-enterrados-no-local.html]
[s2.glbimg.com/SYiigVOY_P5JyJ76klQLTg2NlYQ=/0x0_3960x2640/1008x0/smart/filters_strip_icc()/i.s3.glbimg.com/v1/AUTH_59edd422c0c84a879bd37670ae4f538a/internal_photos/bs/2022/D/2/mjJQhiQWmyMtCm/ap22262551726130.62.del]
[s2.glbimg.com/2EU_B9sgNYU3GqTo0MiANg8wG8A=/0x0_3459x2595/1008x0/smart/filters_strip_icc()/i.s3.glbimg.com/v1/AUTH_59edd422c0c84a879bd37670ae4f538a/internal_photos/bs/2022/T/P/hSPLAfQouXBvPh/2022-09-19t145528z-1741]
[s2.glbimg.com/KfkENrogwB5VHTOEiCQebcyrazo=/0x0_2000x1334/1008x0/smart/filters_strip_icc()/i.s3.glbimg.com/v1/AUTH_59edd422c0c84a879bd37670ae4f538a/internal_photos/bs/2022/2/D/0q5mmMS9qEi48f/funeral-rainha-ap222625]
[s3.glbimg.com/v1/AUTH_b002e0039b9f46a5a4a94ff667d31e2d/assets/dist/325a9face56801533183fe7367bbdc07.js]
[s2.glbimg.com/mngTThDFTr_qCBBbodH1uxCXVMk=/0x0_2000x1300/1008x0/smart/filters_strip_icc()/i.s3.glbimg.com/v1/AUTH_59edd422c0c84a879bd37670ae4f538a/internal_photos/bs/2022/0/M/yxjDxcSouqgBlz/funeral-rainha-ap222624]
[g1.globo.com/mundo/noticia/2022/09/19/terremoto-de-magnitude-75-atinge-o-mexico.html]
[s2.glbimg.com/Ke3R07BEJGT27NmACW_Q079npJ4=/0x0_2000x1334/1008x0/smart/filters_strip_icc()/i.s3.glbimg.com/v1/AUTH_59edd422c0c84a879bd37670ae4f538a/internal_photos/bs/2022/y/n/zQnGrER5yZ8O2w/funeral-rainha-ap222624]
[s02.video.glbimg.com/x240/10948857_x240.jpg]
[s2.glbimg.com/QO4ZZI6pOCK7XpwTBM5Ku6X5D_0=/0x0_3500x2335/1008x0/smart/filters_strip_icc()/i.s3.glbimg.com/v1/AUTH_59edd422c0c84a879bd37670ae4f538a/internal_photos/bs/2022/B/7/aAZAUpRlWGBAI4/2022-09-19t150011z-1966]
[s2.glbimg.com/IApTf6xL09sOSGmHVJ3vjH23ySU=/0x0_4461x2975/1008x0/smart/filters_strip_icc()/i.s3.glbimg.com/v1/AUTH_59edd422c0c84a879bd37670ae4f538a/internal_photos/bs/2022/M/U/ykV18VQxC4JVfv/2022-09-19t145742z-9779]
[s2.glbimg.com/qYIr9Hk6fLQcUdV3KRefqaBgomM=/0x0_6000x4000/1008x0/smart/filters_strip_icc()/i.s3.glbimg.com/v1/AUTH_59edd422c0c84a879bd37670ae4f538a/internal_photos/bs/2022/M/y/qpctG3TzewLZ9L/2022-09-19t090955z-5157]
[g1.globo.com/mundo/noticia/2022/09/19/19-de-setembro-a-surpreendente-coincidencia-de-datas-de-grandes-terremotos-no-mexico.html]
[s2.glbimg.com/vM05wxQHjEH76JKrCAjQwoTIZLQ=/0x0_3723x2482/1008x0/smart/filters_strip_icc()/i.s3.glbimg.com/v1/AUTH_59edd422c0c84a879bd37670ae4f538a/internal_photos/bs/2022/u/D/f1B03LSPKnWczodB/000-32jn7n2.6a.delaye]
[s2.glbimg.com/bzLVIItcbJz3Ed0FjozsLUzU_bI=/0x0_3192x2272/1008x0/smart/filters_strip_icc()/i.s3.glbimg.com/v1/AUTH_59edd422c0c84a879bd37670ae4f538a/internal_photos/bs/2022/3/5/d7jtThQzu4Mol8/rei-juan-carlos.6b.dela]
[s2.glbimg.com/LQZdDropNWa3enYRS5eA7G3KpJk=/0x0_3500x2333/984x0/smart/filters_strip_icc()/i.s3.glbimg.com/v1/AUTH_59edd422c0c84a879bd37670ae4f538a/internal_photos/bs/2022/p/L/yi8XdyTAqxfBsxv/2022-09-19t165328z-7946]
[s2.glbimg.com/d3DMmX5pAvxfxiHsRVkVzjkHGYA=/0x0_2583x1723/984x0/smart/filters_strip_icc()/i.s3.glbimg.com/v1/AUTH_59edd422c0c84a879bd37670ae4f538a/internal_photos/bs/2022/b/W/7XeMWUQaKKOFRyq/2022-09-19t152701z-3145]
[g1.globo.com/mundo/noticia/2022/09/19/bolsonaro-funeral-da-rainha-elizabeth-ii93b4.html]
[s2.glbimg.com/4I94etXkjgNl2mRa02I3aYqUZSQ=/0x0_892x1280/984x0/smart/filters_strip_icc()/i.s3.glbimg.com/v1/AUTH_59edd422c0c84a879bd37670ae4f538a/internal_photos/bs/2022/a/y/ANi4riR3KVZP4YAC/thumbnail-image002-1-.7]
[s2.glbimg.com/SL_pJG6gsA4M52Yc20bc9E704L8=/0x0_640x411/984x0/smart/filters_strip_icc()/i.s3.glbimg.com/v1/AUTH_59edd422c0c84a879bd37670ae4f538a/internal_photos/bs/2022/W/Q/ZqKlxJRbKpgWYGq5x/thumbnail-image001-59-]
[s2.glbimg.com/dauHISiX7xND6FpxzpqHCceDj14=/0x0_640x426/984x0/smart/filters_strip_icc()/i.s3.glbimg.com/v1/AUTH_59edd422c0c84a879bd37670ae4f538a/internal_photos/bs/2022/k/p/lnLIU8RzuXvNjWXfH/thumbnail-image003-35-]
[s2.glbimg.com/OKdgwt5oZHRiKRooaEAPKffiHMo=/0x0_640x426/984x0/smart/filters_strip_icc()/i.s3.glbimg.com/v1/AUTH_59edd422c0c84a879bd37670ae4f538a/internal_photos/bs/2022/h/p/PD9zqJR1W7r5OReyV/thumbnail-image004-27-]
[s04.video.glbimg.com/x240/10947231_x240.jpg]
[s2.glbimg.com/jwHaDSQ4waJGcmGLY3vq0ineAG8=/0x0_5500x4125/984x0/smart/filters_strip_icc()/i.s3.glbimg.com/v1/AUTH_59edd422c0c84a879bd37670ae4f538a/internal_photos/bs/2022/E/J/77vRgrTY2qvrhtk/2022-09-19t184338z-1105]
[s2.glbimg.com/EQdazGmf1kxB-RhWtCzg78dJhCk=/0x0_1700x1065/984x0/smart/filters_strip_icc()/i.s3.glbimg.com/v1/AUTH_59edd422c0c84a879bd37670ae4f538a/internal_photos/bs/2017/b/V/79a0JQQSizPboE0/000-sk8o1.jpg2.7a.delay]
[g1.globo.com/mundo/noticia/2022/09/19/bolsonaro-funeral-da-rainha-elizabeth-ii8c3b.html]
[s2.glbimg.com/K9A8o9twetd_WCjfwye8eRl2aqQ=/0x0_1700x1065/984x0/smart/filters_strip_icc()/i.s3.glbimg.com/v1/AUTH_59edd422c0c84a879bd37670ae4f538a/internal_photos/bs/2017/M/R/zfaSIRTcCaoenxsBUj9/000-sn1m5.7c.delaye]
[g1.globo.com/mundo/noticia/2022/09/19/bolsonaro-funeral-da-rainha-elizabeth-ii.html]
[s3.glbimg.com/v1/AUTH_b002e0039b9f46a5a4a94ff667d31e2d/assets/dist/f64eaf75eb9b6d5a46afa7d7290b392e.js]
[s3.glbimg.com/v1/AUTH_c631e406debd4c4fac98a09d48dc17d1/bastian-post/prod/g1/6d9569ca-e6c1-4a81-bd07-4a7094a9c7dd/img/post-lib-media/video_icon.svg]
[s3.glbimg.com/v1/AUTH_c631e406debd4c4fac98a09d48dc17d1/bastian-post/prod/g1/6d9569ca-e6c1-4a81-bd07-4a7094a9c7dd/img/post-economia/valor.svg]
[s3.glbimg.com/v1/AUTH_c631e406debd4c4fac98a09d48dc17d1/bastian-post/prod/g1/6d9569ca-e6c1-4a81-bd07-4a7094a9c7dd/img/post-economia-cotacao/valorLogo.svg]
[s3.glbimg.com/v1/AUTH_c631e406debd4c4fac98a09d48dc17d1/bastian-post/prod/g1/6d9569ca-e6c1-4a81-bd07-4a7094a9c7dd/img/post-previsao-do-tempo/climatempo-logo.svg]
[s3.glbimg.com/v1/AUTH_c631e406debd4c4fac98a09d48dc17d1/bastian-post/prod/g1/6d9569ca-e6c1-4a81-bd07-4a7094a9c7dd/img/post-previsao-do-tempo/Icon1.svg]
[s3.glbimg.com/v1/AUTH_c631e406debd4c4fac98a09d48dc17d1/bastian-post/prod/g1/6d9569ca-e6c1-4a81-bd07-4a7094a9c7dd/img/post-previsao-do-tempo/Icon1n.svg]
[s3.glbimg.com/v1/AUTH_c631e406debd4c4fac98a09d48dc17d1/bastian-post/prod/g1/6d9569ca-e6c1-4a81-bd07-4a7094a9c7dd/img/post-previsao-do-tempo/Icon2.svg]
[s3.glbimg.com/v1/AUTH_c631e406debd4c4fac98a09d48dc17d1/bastian-post/prod/g1/6d9569ca-e6c1-4a81-bd07-4a7094a9c7dd/img/post-previsao-do-tempo/Icon2n.svg]
[s3.glbimg.com/v1/AUTH_c631e406debd4c4fac98a09d48dc17d1/bastian-post/prod/g1/6d9569ca-e6c1-4a81-bd07-4a7094a9c7dd/img/post-previsao-do-tempo/Icon2r.svg]
[s3.glbimg.com/v1/AUTH_c631e406debd4c4fac98a09d48dc17d1/bastian-post/prod/g1/6d9569ca-e6c1-4a81-bd07-4a7094a9c7dd/img/post-previsao-do-tempo/Icon2rn.svg]
[s3.glbimg.com/v1/AUTH_c631e406debd4c4fac98a09d48dc17d1/bastian-post/prod/g1/6d9569ca-e6c1-4a81-bd07-4a7094a9c7dd/img/post-previsao-do-tempo/Icon3.svg]
[s3.glbimg.com/v1/AUTH_c631e406debd4c4fac98a09d48dc17d1/bastian-post/prod/g1/6d9569ca-e6c1-4a81-bd07-4a7094a9c7dd/img/post-previsao-do-tempo/Icon3n.svg]
[s3.glbimg.com/v1/AUTH_c631e406debd4c4fac98a09d48dc17d1/bastian-post/prod/g1/6d9569ca-e6c1-4a81-bd07-4a7094a9c7dd/img/post-previsao-do-tempo/Icon4.svg]
[s3.glbimg.com/v1/AUTH_c631e406debd4c4fac98a09d48dc17d1/bastian-post/prod/g1/6d9569ca-e6c1-4a81-bd07-4a7094a9c7dd/img/post-previsao-do-tempo/Icon4n.svg]
[s3.glbimg.com/v1/AUTH_c631e406debd4c4fac98a09d48dc17d1/bastian-post/prod/g1/6d9569ca-e6c1-4a81-bd07-4a7094a9c7dd/img/post-previsao-do-tempo/Icon4r.svg]
[s3.glbimg.com/v1/AUTH_c631e406debd4c4fac98a09d48dc17d1/bastian-post/prod/g1/6d9569ca-e6c1-4a81-bd07-4a7094a9c7dd/img/post-previsao-do-tempo/Icon4rn.svg]
[s3.glbimg.com/v1/AUTH_c631e406debd4c4fac98a09d48dc17d1/bastian-post/prod/g1/6d9569ca-e6c1-4a81-bd07-4a7094a9c7dd/img/post-previsao-do-tempo/Icon4t.svg]
[s3.glbimg.com/v1/AUTH_c631e406debd4c4fac98a09d48dc17d1/bastian-post/prod/g1/6d9569ca-e6c1-4a81-bd07-4a7094a9c7dd/img/post-previsao-do-tempo/Icon4tn.svg]
[s3.glbimg.com/v1/AUTH_c631e406debd4c4fac98a09d48dc17d1/bastian-post/prod/g1/6d9569ca-e6c1-4a81-bd07-4a7094a9c7dd/img/post-previsao-do-tempo/Icon5.svg]
[s3.glbimg.com/v1/AUTH_c631e406debd4c4fac98a09d48dc17d1/bastian-post/prod/g1/6d9569ca-e6c1-4a81-bd07-4a7094a9c7dd/img/post-previsao-do-tempo/Icon5n.svg]
[s3.glbimg.com/v1/AUTH_c631e406debd4c4fac98a09d48dc17d1/bastian-post/prod/g1/6d9569ca-e6c1-4a81-bd07-4a7094a9c7dd/img/post-previsao-do-tempo/Icon6.svg]
[s3.glbimg.com/v1/AUTH_c631e406debd4c4fac98a09d48dc17d1/bastian-post/prod/g1/6d9569ca-e6c1-4a81-bd07-4a7094a9c7dd/img/post-previsao-do-tempo/Icon6n.svg]
[s3.glbimg.com/v1/AUTH_c631e406debd4c4fac98a09d48dc17d1/bastian-post/prod/g1/6d9569ca-e6c1-4a81-bd07-4a7094a9c7dd/img/post-previsao-do-tempo/Icon7.svg]
[s3.glbimg.com/v1/AUTH_c631e406debd4c4fac98a09d48dc17d1/bastian-post/prod/g1/6d9569ca-e6c1-4a81-bd07-4a7094a9c7dd/img/post-previsao-do-tempo/Icon7n.svg]
[s3.glbimg.com/v1/AUTH_c631e406debd4c4fac98a09d48dc17d1/bastian-post/prod/g1/6d9569ca-e6c1-4a81-bd07-4a7094a9c7dd/img/post-previsao-do-tempo/Icon8.svg]
[s3.glbimg.com/v1/AUTH_c631e406debd4c4fac98a09d48dc17d1/bastian-post/prod/g1/6d9569ca-e6c1-4a81-bd07-4a7094a9c7dd/img/post-previsao-do-tempo/Icon9.svg]
[s3.glbimg.com/v1/AUTH_c631e406debd4c4fac98a09d48dc17d1/bastian-post/prod/g1/6d9569ca-e6c1-4a81-bd07-4a7094a9c7dd/img/post-previsao-do-tempo/Icon11.svg]
[s3.glbimg.com/v1/AUTH_c631e406debd4c4fac98a09d48dc17d1/bastian-post/prod/g1/6d9569ca-e6c1-4a81-bd07-4a7094a9c7dd/img/post-previsao-do-tempo/Icon13.svg]
[s3.glbimg.com/v1/AUTH_c631e406debd4c4fac98a09d48dc17d1/bastian-post/prod/g1/6d9569ca-e6c1-4a81-bd07-4a7094a9c7dd/7e9b1082-693b-4d84-aec4-c80ec3ca1364.css]
[s3.glbimg.com/v1/AUTH_c631e406debd4c4fac98a09d48dc17d1/bastian-post/prod/g1/6d9569ca-e6c1-4a81-bd07-4a7094a9c7dd/img/post-previsao-do-tempo/Icon15.svg]
[p.glbimg.com/api/stable/api.min.js]
[s3.glbimg.com/v1/AUTH_e1b09a2d222b4900a437a46914be81e5/web/settings/stable/settings.min.js]
[s.glbimg.com/gl/ba/img/images-s758fbcb793.png]
[g1.globo.com/mundo/noticia/2022/09/19/latest/index.html]
[s.glbimg.com/gl/ba/img/images-large-s546941f7e6.png]
[s.glbimg.com/gl/ba/css/barra-globocom.min.css]
[connect.facebook.net/en_US/all.js]
[s.glbimg.com/gl/ba/img/logged_user_placeholder.png]
[s.glbimg.com/gl/ba/js/barra-globocom.min.js]
[s3.glbimg.com/v1/AUTH_89c6d9f49eec4e768bc6ccddcb31a34b/lgpd-lib/lgpd-lib.min.css]
[g1.globo.com/mundo/noticia/2022/09/19/;path=/index.html]
[tags.globo.com/utag/globo/g1/prod/getTailLocalStorageData();var.html]
[tags.globo.com/utag/globo/g1/prod/JSON.parse(localStorage.html]
[s3.glbimg.com/cdn/libs/publicidade/1.2.2/publicidade.css]
[tags.globo.com/utag/globo/g1/prod/'+a.html]
[s3.glbimg.com/cdn/libs/tapume/0.1.0/tapume.css]
[g1.globo.com/mundo/noticia/2022/09/19/capela-de-sao-jorge-a-ultima-morada-da-rainha-elizabeth-ii93b4.html]
[s2.glbimg.com/67ENaaVyD7gxT2XUB5s-awKy43Q=/0x0_1060x631/984x0/smart/filters_strip_icc()/i.s3.glbimg.com/v1/AUTH_59edd422c0c84a879bd37670ae4f538a/internal_photos/bs/2018/Q/B/SnecNxR3CjIrBpndpNA/st-george1.a8.delaye]
[g1.globo.com/mundo/noticia/2022/09/19/capela-de-sao-jorge-a-ultima-morada-da-rainha-elizabeth-ii.html]
[s2.glbimg.com/PgHcpfFsl6nj8ki31s5-8JHi5Vw=/0x0_2630x3500/984x0/smart/filters_strip_icc()/i.s3.glbimg.com/v1/AUTH_59edd422c0c84a879bd37670ae4f538a/internal_photos/bs/2018/b/V/NOwMARSoOLJg0bU/vestido-meghan.a9.delay]
[s2.glbimg.com/kCnpZI47zKjF9w6bzAk5jTAGvcE=/0x0_3500x2123/984x0/smart/filters_strip_icc()/i.s3.glbimg.com/v1/AUTH_59edd422c0c84a879bd37670ae4f538a/internal_photos/bs/2018/R/m/lvNGVlTsmS2rKZi/2018-05-19t140258z-4909]
[s02.video.glbimg.com/x240/10946769_x240.jpg]
[s2.glbimg.com/QSCgKJl1mQR4aGiOdEq-Uu90NUs=/0x0_4321x2881/984x0/smart/filters_strip_icc()/i.s3.glbimg.com/v1/AUTH_59edd422c0c84a879bd37670ae4f538a/internal_photos/bs/2022/x/1/D9hSxAQ4iqj5c7L/2022-09-19t091733z-1815]
[s2.glbimg.com/d_yKTUF_YmB6R2_nNYx7oP1Rv0E=/0x0_7768x5096/984x0/smart/filters_strip_icc()/i.s3.glbimg.com/v1/AUTH_59edd422c0c84a879bd37670ae4f538a/internal_photos/bs/2022/B/C/VC3hAJSpSV0ZLrR/2022-09-19t091742z-1207]
[g1.globo.com/mundo/noticia/2022/09/19/funeral-rainha-elizabeth-ii-biden-lideres.html]
[s2.glbimg.com/N_tlLSNKeW-4BeBV-W2BSppZ3N8=/48x48/smart/filters_strip_icc()/s2.glbimg.com/JInmNEuQ1XuvpzCoVX926PPggkk=/200x0/filters_quality(70)/i.s3.glbimg.com/v1/AUTH_59edd422c0c84a879bd37670/dw-150x150.a5.delaye]
[s3.glbimg.com/v1/AUTH_c5dfc0eef7ee40d68bdd0993be881440/coral-custom-style/style.css]
[s2.glbimg.com/u0Wpxp0UMH7VqqNSR6o8-2jH7Yk=/0x0_6000x4000/984x0/smart/filters_strip_icc()/i.s3.glbimg.com/v1/AUTH_59edd422c0c84a879bd37670ae4f538a/internal_photos/bs/2022/R/k/6Wp4QRT1OlgC3aW/2022-09-19t092319z-1195]
[g1.globo.com/mundo/noticia/2022/09/19/capela-de-sao-jorge-a-ultima-morada-da-rainha-elizabeth-ii8c3b.html]
[s2.glbimg.com/4Hwlp45hDAyiQy0-qkxus-FWJWE=/0x0_8016x5256/984x0/smart/filters_strip_icc()/i.s3.glbimg.com/v1/AUTH_59edd422c0c84a879bd37670ae4f538a/internal_photos/bs/2022/L/i/CMSGUfRxyErAUkB/2022-09-19t093505z-2110]
[s2.glbimg.com/6dr1lgwOX2WBWSlRX_D3hYlKPb0=/0x0_3723x2482/984x0/smart/filters_strip_icc()/i.s3.glbimg.com/v1/AUTH_59edd422c0c84a879bd37670ae4f538a/internal_photos/bs/2022/u/D/f1B03LSPKnWczodBv/000-32jn7n2.b1.delaye]
[g1.globo.com/mundo/noticia/2022/09/19/elizabeth-ii-onde-sera-enterrada-a-rainha-e-quais-outros-monarcas-estao-enterrados-no-local93b4.html]
[s2.glbimg.com/sla3MFCEyIJu5GhZjKrdabzIpQI=/0x0_3227x2151/984x0/smart/filters_strip_icc()/i.s3.glbimg.com/v1/AUTH_59edd422c0c84a879bd37670ae4f538a/internal_photos/bs/2022/D/a/tjxogOSsievUZX9zO/000-32jm9d7.b2.delaye]
[s2.glbimg.com/OfiFtcw8NLPhiFmYFWBwcMNxvs0=/0x0_6000x4000/984x0/smart/filters_strip_icc()/i.s3.glbimg.com/v1/AUTH_59edd422c0c84a879bd37670ae4f538a/internal_photos/bs/2022/x/C/WAlPoTRVGqAmArU3D/000-32jn88g.b3.delaye]
[g1.globo.com/mundo/noticia/2022/09/19/elizabeth-ii-onde-sera-enterrada-a-rainha-e-quais-outros-monarcas-estao-enterrados-no-local8c3b.html]
[s2.glbimg.com/L0joYInlF4AyoGRbG3wGe_ilLyE=/0x0_3418x2279/984x0/smart/filters_strip_icc()/i.s3.glbimg.com/v1/AUTH_59edd422c0c84a879bd37670ae4f538a/internal_photos/bs/2022/e/P/ixrIrdRDKbC7BqJEB/000-32jn7nc.b4.delaye]
[s2.glbimg.com/6Qc-U3tZz3Y7G5Si2CeGF35Gq4M=/0x0_4002x2668/984x0/smart/filters_strip_icc()/i.s3.glbimg.com/v1/AUTH_59edd422c0c84a879bd37670ae4f538a/internal_photos/bs/2022/D/j/JCl9FDTgGAEtwH0Du/000-32jm6qh.b5.delaye]
[g1.globo.com/mundo/noticia/2022/09/19/reis-imperadores-e-chefes-de-estado-veja-quem-foi-ao-velorio-de-elizabeth-ii-e-quem-nao-era-bem-vindo.html]
[s2.glbimg.com/D5aAX6Q4IMKt6YITRbES-8me3D4=/0x0_2905x1936/984x0/smart/filters_strip_icc()/i.s3.glbimg.com/v1/AUTH_59edd422c0c84a879bd37670ae4f538a/internal_photos/bs/2022/p/m/bmNP6qQG6en1Rhc/2022-09-19t182521z-2004]
[s2.glbimg.com/w0TwJGUE_F9s-EimeVBqixx452I=/0x0_1325x776/984x0/smart/filters_strip_icc()/i.s3.glbimg.com/v1/AUTH_59edd422c0c84a879bd37670ae4f538a/internal_photos/bs/2022/3/t/1Na82aRNCFp460m2/terremoto-mexico.b9.del]
[s2.glbimg.com/kxtaEGmK0ledqxbf7SeI5phGy2s=/0x0_4032x3024/1008x0/smart/filters_strip_icc()/i.s3.glbimg.com/v1/AUTH_59edd422c0c84a879bd37670ae4f538a/internal_photos/bs/2022/S/d/8zJ9fsR4eoOX0f/2022-09-19t182835z-2111]
[g1.globo.com/mundo/noticia/2022/09/19/terremoto-de-magnitude-75-atinge-o-mexico.html]
[s2.glbimg.com/tLTNuICNQFQONp-hghHorUtTSEE=/0x0_5500x4125/1008x0/smart/filters_strip_icc()/i.s3.glbimg.com/v1/AUTH_59edd422c0c84a879bd37670ae4f538a/internal_photos/bs/2022/w/Y/PAu6tyQ6inqWfw/2022-09-19t184338z-1792]
[s2.glbimg.com/1Dqtt471bBk-XK-Vv7Q3o2-VyWk=/0x0_1834x2545/1008x0/smart/filters_strip_icc()/i.s3.glbimg.com/v1/AUTH_59edd422c0c84a879bd37670ae4f538a/internal_photos/bs/2022/B/f/Eck4xbRaqYulfC/2022-09-19t182709z-1717]
[s2.glbimg.com/OzPJMd66BBXcTRdumYuSM9X4zyY=/0x0_5500x4125/1008x0/smart/filters_strip_icc()/i.s3.glbimg.com/v1/AUTH_59edd422c0c84a879bd37670ae4f538a/internal_photos/bs/2022/E/J/77vRgrTY2qvrht/2022-09-19t184338z-1105]
[g1.globo.com/mundo/noticia/2022/09/19/bolsonaro-funeral-da-rainha-elizabeth-ii93b4.html]
[s2.glbimg.com/TrB430TuS_YFbk5n8lY2v_WzePs=/0x0_4032x3024/1008x0/smart/filters_strip_icc()/i.s3.glbimg.com/v1/AUTH_59edd422c0c84a879bd37670ae4f538a/internal_photos/bs/2022/l/g/yGrQJ6RBGNbECT/2022-09-19t182536z-1958]
[g1.globo.com/mundo/noticia/2022/09/19/bolsonaro-funeral-da-rainha-elizabeth-ii8c3b.html]
[s3.glbimg.com/v1/AUTH_c631e406debd4c4fac98a09d48dc17d1/bastian-post/prod/g1/6d9569ca-e6c1-4a81-bd07-4a7094a9c7dd/img/post-lib-media/playlist_icon.svg]
[s3.glbimg.com/v1/AUTH_c631e406debd4c4fac98a09d48dc17d1/bastian-post/prod/g1/6d9569ca-e6c1-4a81-bd07-4a7094a9c7dd/img/post-lib-media/video_icon.svg]
[s3.glbimg.com/v1/AUTH_c631e406debd4c4fac98a09d48dc17d1/bastian-post/prod/g1/6d9569ca-e6c1-4a81-bd07-4a7094a9c7dd/img/post-lib-media/image-gallery_icon.svg]
[s3.glbimg.com/v1/AUTH_c631e406debd4c4fac98a09d48dc17d1/bastian-post/prod/g1/6d9569ca-e6c1-4a81-bd07-4a7094a9c7dd/img/post-economia/valor.svg]
[s3.glbimg.com/v1/AUTH_c631e406debd4c4fac98a09d48dc17d1/bastian-post/prod/g1/6d9569ca-e6c1-4a81-bd07-4a7094a9c7dd/img/post-economia-cotacao/valorLogo.svg]
[s3.glbimg.com/v1/AUTH_c631e406debd4c4fac98a09d48dc17d1/bastian-post/prod/g1/6d9569ca-e6c1-4a81-bd07-4a7094a9c7dd/img/post-previsao-do-tempo/climatempo-logo.svg]
[s3.glbimg.com/v1/AUTH_c631e406debd4c4fac98a09d48dc17d1/bastian-post/prod/g1/6d9569ca-e6c1-4a81-bd07-4a7094a9c7dd/img/post-previsao-do-tempo/Icon1.svg]
[s3.glbimg.com/v1/AUTH_c631e406debd4c4fac98a09d48dc17d1/bastian-post/prod/g1/6d9569ca-e6c1-4a81-bd07-4a7094a9c7dd/img/post-previsao-do-tempo/Icon1n.svg]
[s3.glbimg.com/v1/AUTH_c631e406debd4c4fac98a09d48dc17d1/bastian-post/prod/g1/6d9569ca-e6c1-4a81-bd07-4a7094a9c7dd/img/post-previsao-do-tempo/Icon2.svg]
[s3.glbimg.com/v1/AUTH_c631e406debd4c4fac98a09d48dc17d1/bastian-post/prod/g1/6d9569ca-e6c1-4a81-bd07-4a7094a9c7dd/img/post-previsao-do-tempo/Icon2n.svg]
[s3.glbimg.com/v1/AUTH_c631e406debd4c4fac98a09d48dc17d1/bastian-post/prod/g1/6d9569ca-e6c1-4a81-bd07-4a7094a9c7dd/img/post-previsao-do-tempo/Icon2r.svg]
[s3.glbimg.com/v1/AUTH_c631e406debd4c4fac98a09d48dc17d1/bastian-post/prod/g1/6d9569ca-e6c1-4a81-bd07-4a7094a9c7dd/img/post-previsao-do-tempo/Icon2rn.svg]
[s3.glbimg.com/v1/AUTH_c631e406debd4c4fac98a09d48dc17d1/bastian-post/prod/g1/6d9569ca-e6c1-4a81-bd07-4a7094a9c7dd/img/post-previsao-do-tempo/Icon3.svg]
[s3.glbimg.com/v1/AUTH_c631e406debd4c4fac98a09d48dc17d1/bastian-post/prod/g1/6d9569ca-e6c1-4a81-bd07-4a7094a9c7dd/img/post-previsao-do-tempo/Icon3n.svg]
[s3.glbimg.com/v1/AUTH_c631e406debd4c4fac98a09d48dc17d1/bastian-post/prod/g1/6d9569ca-e6c1-4a81-bd07-4a7094a9c7dd/img/post-previsao-do-tempo/Icon4.svg]
[s3.glbimg.com/v1/AUTH_c631e406debd4c4fac98a09d48dc17d1/bastian-post/prod/g1/6d9569ca-e6c1-4a81-bd07-4a7094a9c7dd/img/post-previsao-do-tempo/Icon4n.svg]
[s3.glbimg.com/v1/AUTH_c631e406debd4c4fac98a09d48dc17d1/bastian-post/prod/g1/6d9569ca-e6c1-4a81-bd07-4a7094a9c7dd/img/post-previsao-do-tempo/Icon4r.svg]
[s3.glbimg.com/v1/AUTH_c631e406debd4c4fac98a09d48dc17d1/bastian-post/prod/g1/6d9569ca-e6c1-4a81-bd07-4a7094a9c7dd/img/post-previsao-do-tempo/Icon4rn.svg]
[s3.glbimg.com/v1/AUTH_c631e406debd4c4fac98a09d48dc17d1/bastian-post/prod/g1/6d9569ca-e6c1-4a81-bd07-4a7094a9c7dd/img/post-previsao-do-tempo/Icon4t.svg]
[s3.glbimg.com/v1/AUTH_c631e406debd4c4fac98a09d48dc17d1/bastian-post/prod/g1/6d9569ca-e6c1-4a81-bd07-4a7094a9c7dd/img/post-previsao-do-tempo/Icon4tn.svg]
[s3.glbimg.com/v1/AUTH_c631e406debd4c4fac98a09d48dc17d1/bastian-post/prod/g1/6d9569ca-e6c1-4a81-bd07-4a7094a9c7dd/img/post-previsao-do-tempo/Icon5.svg]
[s3.glbimg.com/v1/AUTH_c631e406debd4c4fac98a09d48dc17d1/bastian-post/prod/g1/6d9569ca-e6c1-4a81-bd07-4a7094a9c7dd/img/post-previsao-do-tempo/Icon5n.svg]
[s3.glbimg.com/v1/AUTH_c631e406debd4c4fac98a09d48dc17d1/bastian-post/prod/g1/6d9569ca-e6c1-4a81-bd07-4a7094a9c7dd/img/post-previsao-do-tempo/Icon6.svg]
[s3.glbimg.com/v1/AUTH_c631e406debd4c4fac98a09d48dc17d1/bastian-post/prod/g1/6d9569ca-e6c1-4a81-bd07-4a7094a9c7dd/img/post-previsao-do-tempo/Icon6n.svg]
[s3.glbimg.com/v1/AUTH_c631e406debd4c4fac98a09d48dc17d1/bastian-post/prod/g1/6d9569ca-e6c1-4a81-bd07-4a7094a9c7dd/img/post-previsao-do-tempo/Icon7.svg]
[s3.glbimg.com/v1/AUTH_c631e406debd4c4fac98a09d48dc17d1/bastian-post/prod/g1/6d9569ca-e6c1-4a81-bd07-4a7094a9c7dd/img/post-previsao-do-tempo/Icon7n.svg]
[s3.glbimg.com/v1/AUTH_c631e406debd4c4fac98a09d48dc17d1/bastian-post/prod/g1/6d9569ca-e6c1-4a81-bd07-4a7094a9c7dd/img/post-previsao-do-tempo/Icon8.svg]
[s3.glbimg.com/v1/AUTH_c631e406debd4c4fac98a09d48dc17d1/bastian-post/prod/g1/6d9569ca-e6c1-4a81-bd07-4a7094a9c7dd/img/post-previsao-do-tempo/Icon9.svg]
[s3.glbimg.com/v1/AUTH_c631e406debd4c4fac98a09d48dc17d1/bastian-post/prod/g1/6d9569ca-e6c1-4a81-bd07-4a7094a9c7dd/img/post-previsao-do-tempo/Icon11.svg]
[s3.glbimg.com/v1/AUTH_c631e406debd4c4fac98a09d48dc17d1/bastian-post/prod/g1/6d9569ca-e6c1-4a81-bd07-4a7094a9c7dd/img/post-previsao-do-tempo/Icon13.svg]
[s3.glbimg.com/v1/AUTH_c631e406debd4c4fac98a09d48dc17d1/bastian-post/prod/g1/6d9569ca-e6c1-4a81-bd07-4a7094a9c7dd/img/post-previsao-do-tempo/Icon15.svg]
[g1.globo.com/mundo/noticia/2022/09/19/latest/index.html]
[connect.facebook.net/en_US/all.js]
[g1.globo.com/mundo/noticia/2022/09/19/capela-de-sao-jorge-a-ultima-morada-da-rainha-elizabeth-ii93b4.html]
[g1.globo.com/mundo/noticia/2022/09/19/capela-de-sao-jorge-a-ultima-morada-da-rainha-elizabeth-ii8c3b.html]
[g1.globo.com/mundo/noticia/2022/09/19/agricultor-tenta-plantar-arvore-e-descobre-mosaico-bizantino-de-ate-1500-anos-em-gaza.html]
[s2.glbimg.com/440BmwXYyNL2MI3JR0Z_kznVpC0=/0x0_4742x3404/984x0/smart/filters_strip_icc()/i.s3.glbimg.com/v1/AUTH_59edd422c0c84a879bd37670ae4f538a/internal_photos/bs/2022/p/q/jtQPXTQE2P8O5wA/2022-09-19t092733z-1636]
[s01.video.glbimg.com/x240/10947852_x240.jpg]
[s2.glbimg.com/R_Pb31NWxSYZxLdJLuqZN5v9nZU=/0x0_5500x3667/984x0/smart/filters_strip_icc()/i.s3.glbimg.com/v1/AUTH_59edd422c0c84a879bd37670ae4f538a/internal_photos/bs/2022/N/s/qBxxtuTfm5RwPyq/2022-09-18t195217z-1632]
[g1.globo.com/mundo/noticia/2022/09/19/reis-imperadores-e-chefes-de-estado-veja-quem-foi-ao-velorio-de-elizabeth-ii-e-quem-nao-era-bem-vindo.html]
[g1.globo.com/mundo/noticia/2022/09/19/agricultor-tenta-plantar-arvore-e-descobre-mosaico-bizantino-de-ate-1500-anos-em-gaza93b4.html]
[s02.video.glbimg.com/x240/10946641_x240.jpg]
[g1.globo.com/mundo/noticia/2022/09/19/agricultor-tenta-plantar-arvore-e-descobre-mosaico-bizantino-de-ate-1500-anos-em-gaza8c3b.html]
[s2.glbimg.com/dkyhX2OXIO1RNRm0Nan014tFTbs=/48x48/smart/filters_strip_icc()/s2.glbimg.com/N7m4zUPFbTkDdWeHYbSzWlD0P4A=/200x0/filters_quality(70)/i.s3.glbimg.com/v1/AUTH_59edd422c0c84a879bd37/reuters-150x150.c1.dela]
[g1.globo.com/mundo/noticia/2022/09/19/agricultor-tenta-plantar-arvore-e-descobre-mosaico-bizantino-de-ate-1500-anos-em-gaza.html]
[g1.globo.com/mundo/noticia/2022/09/19/agricultor-tenta-plantar-arvore-e-descobre-mosaico-bizantino-de-ate-1500-anos-em-gaza93b4.html]
[g1.globo.com/mundo/noticia/2022/09/19/agricultor-tenta-plantar-arvore-e-descobre-mosaico-bizantino-de-ate-1500-anos-em-gaza8c3b.html]
[s3.glbimg.com/v1/AUTH_b002e0039b9f46a5a4a94ff667d31e2d/assets/dist/686c0be481c0f9a880b71e5a463f3230.js]
